
============================================================
Graph: multinli-pos_pos_2-unbiased-probe-correct
============================================================
Loading multinli-pos_pos_2-unbiased-probe-correct.pt...
  5447 nodes | 4096 selected features | 1 logit target(s)

============================================================
ORACLE ANALYSIS — multinli-pos_pos_2-unbiased-probe-correct
============================================================
**Analysis:** The probe's classification score is driven by a mixed circuit: superficially lexical content (NCAA/tournament words) but predominantly low-layer token-identity features on negation-bearing words ("haven", "n't" → pos 18/20, " yeah well" → pos 1/2), plus a discourse-filler (" uh") — confirming the user's concern that the probe relies heavily on spurious lexical/shallow cues (notably negation particles) rather than semantic content about the contradiction.

**Confidence:** 7

**Reasoning:**

The circuit traces from output logit back through three main channels:

1. **Spurious negation-lexicon channel (largest contributor).** L4:F12126 (pos 2, direct_effect=-0.648) and L4:F4847 (pos 2, +0.389) are the two strongest single features. Both receive their top upstream signal from the embedding of " well" (pos 2) (direct_effect 14.6 and 8.1 respectively) — a discourse marker, not a content word — with secondary contribution from "yeah" (pos 1). L4:F12126 also integrates a deep stack of L0 lexical-detector features firing on the contraction " haven't": F6236 (pos 20, "t") with direct_effect=-0.457, plus F8352 (pos 2, "well"), F15682/F4365/F5112 (pos 1, "yeah"). These are pure surface-form detectors of negation particles / function words.

2. **NCAA-tournament content channel.** L0:F8659 (pos 8, " tournament", +0.285), F12862 (pos 8, +0.236), F8083 (pos 6, " double", -0.332), F16366 (pos 25, " because", +0.293) fire on the entity words "NC double-A tournament" and the causal connective. F5709 (L4:pos 14, " now", -0.277) is a temporal adverb. This is the only channel that touches the *content* of what the speaker is denying.

3. **Discourse-filler channel.** L6:F11557 (pos 4, " uh", +0.201) is the highest-layer direct contributor, driven by L4 features on "uh" — a paralinguistic cue entirely orthogonal to semantic contradiction.

Critically, there is **no entity-recognition or world-knowledge feature** in the circuit: no "Louisville" feature, no "Sweet 16" feature, no "tournament-team" feature. The contradiction-relevant semantic content ("because Louisville's out of it" explains why the speaker hasn't watched, even though they normally watch every game) is never represented. Instead, the probe relies on:
- The bare tokens of negation ("haven", "n't", "not" implied by "haven't"),
- The casual register markers "yeah well" and "uh",
- A few content nouns ("tournament", "because").

This validates the user's concern: the circuit predominantly uses **negation-word and filler-word features** (shallow lexical/positional cues) rather than features that encode the actual semantic relationship being contradicted.
Results saved to: <repo>/spurious-correlation/results/probes-arm2/exp/exp-probe-multinli-pos_pos_2-unbiased-probe-correct-question/minimax-m3_gpt-oss-120b_2026-07-28T07-24-26
