
============================================================
Graph: multinli-pos_pos_2-unbiased-probe-correct
============================================================
Loading multinli-pos_pos_2-unbiased-probe-correct.pt...
  5447 nodes | 4096 selected features | 1 logit target(s)

============================================================
ORACLE ANALYSIS — multinli-pos_pos_2-unbiased-probe-correct
============================================================
**Analysis:** The probe's classification score is driven not by lexical/semantic content of the prompt but almost entirely by a cluster of low-layer "spoken-style / negation / discourse-filler" features that fire on common colloquial tokens (well, yeah, uh, the 't' in "haven't", because, year, now, double, tournament). The strongest positive contributors are "well" / "yeah" / filler features and discourse markers; the strongest negative contributors are also surface-level token detectors ("the", "okay", "t after haven'", "double"). The circuit is essentially a bag-of-discourse-markers circuit — not a content-aware contradiction detector.

**Confidence:** 7

**Reasoning:** The attribution graph on this probe direction is dominated by ~20 L0-L4 features that are all surface-form / discourse-marker detectors rather than semantic features that would distinguish factual contradiction from agreement. The top features and their semantics:

- **L0:F6236 at pos 20 ("t" of "haven't"), de = -0.648** — explicitly the contraction 't following "isn'"/"doesn'"/"haven'" with **promoted_tokens = "▁not, ▁Not, ▁NOT, not, Not, ▁bukan, ▁nicht, ▁tidak, ▁niet, ▁ikke"** (multi-lingual "not"). This is a textbook negation surface feature.
- **L0:F5112 at pos 1 ("yeah"), de = -0.206** — labeled "the word 'resolution'" but fires on "yeah" here.
- **L0:F15682 at pos 1 ("yeah"), de = 0.193** — the word "okay" plus related expressions; generic spoken-affirmation detector.
- **L0:F4365 at pos 1 ("yeah"), de = 0.198** — "the word 'neither' and related negative terms" — but fires on "yeah" pos, so it is acting as a generic short/negative-text feature.
- **L0:F8083 at pos 6 ("double"), de = -0.332** — "the word 'double' and surrounding words when numbers are also present"; pure lexical.
- **L1:F177 at pos 6 ("double"), de = -0.268** — "the word 'double' and words that begin with 'multi' or 'doubly'"; pure lexical.
- **L0:F12862 at pos 8 ("tournament"), de = -0.236** — "the word 'tournament' and related words such as 'winning'"; pure lexical.
- **L0:F8659 at pos 8 ("tournament"), de = 0.285** — labeled "foundation" but fires on "tournament" (multi-word co-occurrence feature).
- **L0:F16366 at pos 25 ("because"), de = 0.293** — "the word 'because'"; pure lexical.
- **L0:F5912 at pos 24 ("year"), de = -0.197** — "the word 'year'"; pure lexical.
- **L3:F9770 at pos 7 ("A"), de = -0.315** — generic scientific/neurochemistry text feature (spurious context match).
- **L3:F12849 at pos 7 ("A"), de = -0.230** — "words that include 'double', or contain a hyphen".
- **L3:F14620 at pos 2 ("well"), de = 0.230** — "the word 'well' and conjunctions like 'and'".
- **L4:F5709 at pos 14 ("now"), de = -0.277** — "astronomy terms" but fires on "now" (suppressed token is "now").
- **L4:F12126 at pos 2 ("well"), de = -0.648** — "expressions of agreement or acknowledgement, particularly 'well' and 'yeah'" (the biggest single driver in absolute terms).
- **L4:F4847 at pos 2 ("well"), de = 0.389** — "words or short phrases often used in conversation, and especially questions and answers".
- **L6:F11557 at pos 4 ("uh"), de = 0.201** — "frequently used words such as conjunctions, pronouns, or discourse markers".
- **L0:F3820 at pos 3 ("the"), de = 0.215** — "the word 'the'"; pure function word.

I traced these upstream and confirmed each bottoms out at a single token-embedding node: Emb "well" (pos 2) → L0:F8352/L4:F4847/L4:F12126; Emb "yeah" (pos 1) → L0:F5112/F15682/F4365; Emb "t" (pos 20) → L0:F6236; Emb "because" (pos 25) → L0:F16366; Emb "year" (pos 24) → L0:F5912; Emb "now" (pos 14) → L4:F5709; Emb "double" (pos 6) → L0:F8083/L1:F177; Emb "tournament" (pos 8) → L0:F12862/F8659. The user-concern hypothesis is supported:

1. **The strongest single contributor (L4:F12126, |de|=0.648) is literally the "well / yeah" acknowledgment detector** — a filler/pragmatic feature, not a semantic feature.
2. **L0:F6236 is an explicit negation surface feature** ("t" after "haven'", promoted tokens are "not", "Not", "NOT" in many languages). It fires on the 't in "haven't" and contributes -0.648 — the biggest push *against* the probe direction. The prompt's two "haven't" / "isn't" constructions are being read as a generic "negation signal".
3. **The bulk of remaining features are word-identity detectors** ("because", "year", "now", "double", "tournament", "well", "yeah", "uh", "the", "okay") — none of them encode whether the content contradicts a premise. They encode which content-words are present, with no role for the contrastive structure (e.g. "I haven't watched … because Louisville's out").
4. **The "because" feature (L0:F16366, de = +0.293) promotes no semantic content** — its decoder projects onto punctuation/letters because it is a single-word identity feature. It is the connective marker the model "latches onto" not because it understands the causal structure but because "because" is a high-information discourse token in this dataset.
5. **Source-influence analysis** (source_positions = the "because" and "year" / "t" tokens) returned S_pct_of_total = -3.06% and S_over_R = -0.54, indicating these key content tokens are NOT strong drivers of the probe direction; the signal is diffuse and dominated by filler positions.

The circuit therefore matches the user's concern: the probe is reading the input through a **surface-form / discourse-marker lens** — counting "well", "yeah", "uh", "haven't", "because", "the", and topic words (tournament, double, year) — rather than through a semantic contradiction circuit. There is no entity-recognition or event-comparison feature anywhere in the graph; the most semantically loaded features in the attribution (L0:F6236 negation, L4:F12126 well/yeah acknowledgment) are pragmatic/syntactic markers, not world-knowledge or compositional features. The "contradiction" classification appears to be driven by the **density of spoken-style discourse markers and the presence of a negation surface form**, exactly the kind of spurious pattern the user worried about.
Results saved to: <repo>/spurious-correlation/results/probes-arm1/exp/exp-probe-multinli-pos_pos_2-unbiased-probe-correct-question/minimax-m3_gpt-oss-120b_2026-07-28T07-10-05_pass1
